[profpicksandscience.site/index.html]
[backblue.gif]
[fade.gif]
[index.html]
[profpicksandscience.site/wp-content/uploads/elementor/css/custom-frontend.mindb25.css]
[profpicksandscience.site/feed/index.html]
[profpicksandscience.site/comments/feed/index.html]
[profpicksandscience.site/wp-content/uploads/elementor/css/post-5608425.css]
[profpicksandscience.site/wp-content/uploads/elementor/css/post-3258425.css]
[profpicksandscience.site/wp-content/uploads/elementor/css/post-3268425.css]
[profpicksandscience.site/wp-content/themes/royal-elementor-kit/style5152.css]
[profpicksandscience.site/wp-content/uploads/elementor/css/post-68425.css]
[profpicksandscience.site/wp-content/uploads/elementor/css/custom-pro-frontend.min8425.css]
[profpicksandscience.site/wp-content/plugins/elementor/assets/css/widget-heading.min2801.css]
[profpicksandscience.site/wp-content/plugins/elementor/assets/lib/swiper/v8/css/swiper.min94a4.css]
[profpicksandscience.site/wp-content/plugins/elementor/assets/css/conditionals/e-swiper.min2801.css]
[profpicksandscience.site/wp-content/plugins/elementor/assets/css/widget-image-carousel.min2801.css]
[profpicksandscience.site/wp-content/uploads/elementor/css/custom-widget-icon-list.mindb25.css]
[profpicksandscience.site/wp-content/plugins/elementor/assets/css/conditionals/shapes.min2801.css]
[profpicksandscience.site/wp-content/uploads/elementor/css/custom-widget-icon-box.mindb25.css]
[profpicksandscience.site/wp-content/plugins/elementor/assets/css/widget-counter.min2801.css]
[profpicksandscience.site/wp-content/plugins/royal-elementor-addons/assets/css/lib/animations/wpr-animations.minc96f.css]
[profpicksandscience.site/wp-content/plugins/royal-elementor-addons/assets/css/lib/animations/wpr-link-animations.minc96f.css]
[profpicksandscience.site/wp-content/plugins/royal-elementor-addons/assets/css/lib/animations/loading-animations.minc96f.css]
[profpicksandscience.site/wp-content/plugins/royal-elementor-addons/assets/css/lib/animations/button-animations.minc96f.css]
[profpicksandscience.site/wp-content/plugins/royal-elementor-addons/assets/css/lib/animations/text-animations.minc96f.css]
[profpicksandscience.site/wp-content/plugins/royal-elementor-addons/assets/css/lib/lightgallery/lightgallery.minc96f.css]
[profpicksandscience.site/wp-content/plugins/royal-elementor-addons/assets/css/frontend.minc96f.css]
[profpicksandscience.site/wp-content/plugins/elementor/assets/lib/font-awesome/css/all.minc96f.css]
[profpicksandscience.site/wp-content/uploads/elementor/google-fonts/css/manropebb1c.css]
[profpicksandscience.site/wp-content/uploads/elementor/google-fonts/css/poppins95c1.css]
[profpicksandscience.site/wp-content/uploads/elementor/google-fonts/css/redhatdisplay14a2.css]
[profpicksandscience.site/wp-content/uploads/elementor/google-fonts/css/roboto912e.css]
[profpicksandscience.site/wp-content/uploads/elementor/google-fonts/css/robotoslab8982.css]
[profpicksandscience.site/wp-includes/js/jquery/jquery.minf43b.js]
[profpicksandscience.site/wp-includes/js/jquery/jquery-migrate.min5589.js]
[profpicksandscience.site/wp-json/wp/v2/pages/560.json]
[profpicksandscience.site/wp-json/index.html]
[profpicksandscience.site/xmlrpc0db0.php]
[profpicksandscience.site/wp-json/oembed/1.0/embed9f8c.json]
[profpicksandscience.site/wp-json/oembed/1.0/embeda1c4]
[profpicksandscience.site/wp-content/uploads/2025/03/IMG_3993-1-150x100.jpg]
[profpicksandscience.site/wp-content/uploads/2025/03/IMG_3993-1.jpg]
[profpicksandscience.site/wp-content/uploads/2024/06/WhatsApp-Image-2024-06-24-at-5.59.11-PM.jpg]
[profpicksandscience.site/wp-content/uploads/2024/06/WhatsApp-Image-2024-05-27-at-8.15.38-PM.jpg]
[profpicksandscience.site/wp-content/uploads/2024/06/WhatsApp-Image-2024-05-27-at-8.25.27-PM.jpg]
[profpicksandscience.site/wp-content/uploads/2024/06/WhatsApp-Image-2024-06-24-at-5.59.12-PM.jpg]
[profpicksandscience.site/wp-content/uploads/2024/06/WhatsApp-Image-2024-05-27-at-8.25.46-PM.jpg]
[profpicksandscience.site/wp-content/uploads/2024/06/WhatsApp-Image-2024-06-24-at-5.59.12-PM-1.jpg]
[profpicksandscience.site/wp-content/uploads/2024/06/WhatsApp-Image-2024-06-24-at-5.59.12-PM-2.jpg]
[profpicksandscience.site/wp-content/uploads/2024/06/WhatsApp-Image-2024-06-24-at-5.59.13-PM.jpg]
[profpicksandscience.site/wp-content/uploads/2024/06/WhatsApp-Image-2024-06-24-at-5.59.13-PM-1.jpg]
[profpicksandscience.site/wp-content/uploads/2024/06/WhatsApp-Image-2024-05-27-at-8.25.28-PM.jpg]
[profpicksandscience.site/wp-content/uploads/2024/06/WhatsApp-Image-2024-05-27-at-8.25.38-PM.jpg]
[profpicksandscience.site/wp-content/uploads/2024/04/Solution-2.jpg]
[profpicksandscience.site/wp-content/uploads/2024/04/Solution-1.jpg]
[profpicksandscience.site/register/index.html]
[profpicksandscience.site/wp-content/uploads/2024/04/Solution-3.jpg]
[profpicksandscience.site/wp-content/uploads/2024/04/pic-3.jpg]
[profpicksandscience.site/wp-content/uploads/2024/05/IMG_8370.jpg]
[profpicksandscience.site/book-a-demo/index.html]
[profpicksandscience.site/wp-content/uploads/2024/04/Team-2.jpg]
[profpicksandscience.site/wp-content/uploads/2024/05/IMG_8368.jpg]
[profpicksandscience.site/wp-content/uploads/2024/04/240_F_544358086_O087kMJFzAyhdxfLpFzfkux7AT2XqNnj.jpg]
[www.smartsuppchat.com/loader.js]
[profpicksandscience.site/wp-content/plugins/elementor/assets/js/webpack.runtime.min2801.js]
[profpicksandscience.site/wp-content/plugins/elementor/assets/js/frontend-modules.min2801.js]
[profpicksandscience.site/wp-includes/js/jquery/ui/core.min3f14.js]
[profpicksandscience.site/wp-content/plugins/elementor/assets/js/frontend.min2801.js]
[profpicksandscience.site/wp-content/plugins/royal-elementor-addons/assets/js/lib/particles/particles7c45.js]
[profpicksandscience.site/wp-content/plugins/royal-elementor-addons/assets/js/lib/jarallax/jarallax.minf184.js]
[profpicksandscience.site/wp-content/plugins/royal-elementor-addons/assets/js/lib/parallax/parallax.min5152.js]
[profpicksandscience.site/wp-content/plugins/elementor/assets/lib/swiper/v8/swiper.min94a4.js]
[profpicksandscience.site/wp-content/plugins/elementor/assets/lib/jquery-numerator/jquery-numerator.min3958.js]
[profpicksandscience.site/wp-includes/js/imagesloaded.minbb93.js]
[profpicksandscience.site/wp-content/plugins/royal-elementor-addons/assets/js/lib/slick/slick.minc245.js]
[profpicksandscience.site/wp-content/plugins/royal-elementor-addons/assets/js/lib/perfect-scrollbar/perfect-scrollbar.min70b1.js]
[profpicksandscience.site/wp-content/plugins/elementor-pro/assets/js/webpack-pro.runtime.min08e6.js]
[profpicksandscience.site/wp-includes/js/dist/vendor/wp-polyfill-inert.min0226.js]
[profpicksandscience.site/wp-includes/js/dist/vendor/regenerator-runtime.min6c85.js]
[profpicksandscience.site/wp-includes/js/dist/vendor/wp-polyfill.min2c7c.js]
[profpicksandscience.site/wp-includes/js/dist/hooks.min2757.js]
[profpicksandscience.site/wp-includes/js/dist/i18n.minc33c.js]
[profpicksandscience.site/wp-content/plugins/elementor-pro/assets/js/frontend.min08e6.js]
[profpicksandscience.site/wp-content/plugins/elementor-pro/assets/js/elements-handlers.min08e6.js]
[profpicksandscience.site/wp-content/plugins/royal-elementor-addons/assets/js/frontend.minc96f.js]
[profpicksandscience.site/index.html]
[profpicksandscience.site/wp-content/uploads/elementor/css/custom-frontend.mindb25.css]
[profpicksandscience.site/wp-content/plugins/royal-elementor-addons/assets/js/modal-popups.minc96f.js]
[profpicksandscience.site/wp-content/uploads/2024/04/overlay.jpg]
[profpicksandscience.site/wp-content/uploads/2024/04/pic-1.png]
[profpicksandscience.site/wp-content/uploads/2024/04/pic-7.jpg]
[profpicksandscience.site/wp-content/uploads/2024/04/Bg.jpg]
[profpicksandscience.site/wp-content/uploads/elementor/css/post-5608425.css]
[profpicksandscience.site/wp-content/uploads/2024/04/IMG_9438.jpg]
[profpicksandscience.site/wp-content/uploads/elementor/css/post-3258425.css]
[profpicksandscience.site/wp-content/plugins/elementor/assets/css/widget-image.min2801.css]
[profpicksandscience.site/wp-content/uploads/elementor/css/post-3268425.css]
[profpicksandscience.site/wp-content/themes/royal-elementor-kit/style5152.css]
[profpicksandscience.site/wp-content/uploads/elementor/css/post-68425.css]
[profpicksandscience.site/wp-content/uploads/elementor/css/custom-pro-frontend.min8425.css]
[profpicksandscience.site/wp-content/plugins/elementor/assets/css/widget-heading.min2801.css]
[profpicksandscience.site/wp-content/plugins/elementor/assets/lib/animations/styles/fadeIn.min2801.css]
[profpicksandscience.site/wp-content/plugins/elementor/assets/lib/swiper/v8/css/swiper.min94a4.css]
[profpicksandscience.site/wp-content/plugins/elementor/assets/css/conditionals/e-swiper.min2801.css]
[profpicksandscience.site/wp-content/plugins/elementor/assets/css/widget-image-carousel.min2801.css]
[profpicksandscience.site/wp-content/plugins/elementor/assets/lib/animations/styles/zoomIn.min2801.css]
[profpicksandscience.site/wp-content/plugins/elementor/assets/lib/animations/styles/slideInLeft.min2801.css]
[profpicksandscience.site/wp-content/uploads/elementor/css/custom-widget-icon-list.mindb25.css]
[profpicksandscience.site/wp-content/plugins/elementor/assets/lib/animations/styles/slideInRight.min2801.css]
[profpicksandscience.site/wp-content/plugins/elementor/assets/lib/animations/styles/slideInUp.min2801.css]
[profpicksandscience.site/wp-content/plugins/elementor/assets/css/conditionals/shapes.min2801.css]
[profpicksandscience.site/wp-content/uploads/elementor/css/custom-widget-icon-box.mindb25.css]
[profpicksandscience.site/wp-content/plugins/elementor/assets/css/widget-counter.min2801.css]
[profpicksandscience.site/wp-content/plugins/royal-elementor-addons/assets/css/lib/animations/wpr-animations.minc96f.css]
[profpicksandscience.site/wp-content/plugins/royal-elementor-addons/assets/css/lib/animations/wpr-link-animations.minc96f.css]
[profpicksandscience.site/wp-content/plugins/royal-elementor-addons/assets/css/lib/animations/loading-animations.minc96f.css]
[profpicksandscience.site/wp-content/plugins/royal-elementor-addons/assets/css/lib/animations/button-animations.minc96f.css]
[profpicksandscience.site/wp-content/plugins/royal-elementor-addons/assets/css/lib/animations/text-animations.minc96f.css]
[profpicksandscience.site/wp-content/plugins/royal-elementor-addons/assets/css/lib/lightgallery/fonts/lgd641.eot]
[profpicksandscience.site/wp-content/plugins/royal-elementor-addons/assets/css/lib/lightgallery/fonts/lgd41d.eot]
[profpicksandscience.site/wp-content/plugins/royal-elementor-addons/assets/css/lib/lightgallery/fonts/lgd641.svg]
[profpicksandscience.site/wp-content/plugins/royal-elementor-addons/assets/css/lib/lightgallery/lightgallery.minc96f.css]
[profpicksandscience.site/wp-content/plugins/royal-elementor-addons/assets/css/frontend.minc96f.css]
[profpicksandscience.site/wp-content/plugins/elementor/assets/lib/font-awesome/webfonts/fa-brands-400.eot]
[profpicksandscience.site/wp-content/plugins/elementor/assets/lib/font-awesome/webfonts/fa-brands-400.ttf]
[profpicksandscience.site/wp-content/plugins/elementor/assets/lib/font-awesome/webfonts/fa-regular-400.woff2]
[profpicksandscience.site/wp-content/plugins/elementor/assets/lib/font-awesome/webfonts/fa-regular-400.svg]
[profpicksandscience.site/wp-content/plugins/elementor/assets/lib/font-awesome/webfonts/fa-solid-900.woff2]
[profpicksandscience.site/wp-content/plugins/elementor/assets/lib/font-awesome/webfonts/fa-solid-900.woff]
[profpicksandscience.site/wp-content/plugins/elementor/assets/lib/font-awesome/css/all.minc96f.css]
[profpicksandscience.site/wp-content/uploads/elementor/google-fonts/fonts/manrope-xn7gyhe41ni1adirggqxsuxd.woff2]
[profpicksandscience.site/wp-content/uploads/elementor/google-fonts/fonts/manrope-xn7gyhe41ni1adirggixsuxd.woff2]
[profpicksandscience.site/wp-content/uploads/elementor/google-fonts/fonts/manrope-xn7gyhe41ni1adirggexsg.woff2]
[profpicksandscience.site/wp-content/uploads/elementor/google-fonts/css/manropebb1c.css]
[profpicksandscience.site/wp-content/uploads/elementor/google-fonts/fonts/poppins-pxidyp8kv8jhgfvrjjlmv1pvfteoceg.woff2]
[profpicksandscience.site/wp-content/uploads/elementor/google-fonts/fonts/poppins-pxidyp8kv8jhgfvrjjlmv1pvgdeoceg.woff2]
[profpicksandscience.site/wp-content/uploads/elementor/google-fonts/fonts/poppins-pxidyp8kv8jhgfvrjjlmv1pvf9eo.woff2]
[profpicksandscience.site/wp-content/uploads/elementor/google-fonts/fonts/poppins-pxidyp8kv8jhgfvrjjlm21lvfteoceg.woff2]
[profpicksandscience.site/wp-content/uploads/elementor/google-fonts/fonts/poppins-pxidyp8kv8jhgfvrjjlm21lvgdeoceg.woff2]
[profpicksandscience.site/wp-content/uploads/elementor/google-fonts/fonts/poppins-pxidyp8kv8jhgfvrjjlmr19vf9eo.woff2]
[profpicksandscience.site/wp-content/uploads/elementor/google-fonts/fonts/poppins-pxidyp8kv8jhgfvrjjlmy15vfteoceg.woff2]
[profpicksandscience.site/wp-content/uploads/elementor/google-fonts/fonts/poppins-pxidyp8kv8jhgfvrjjlm111vfteoceg.woff2]
[profpicksandscience.site/wp-content/uploads/elementor/google-fonts/fonts/poppins-pxidyp8kv8jhgfvrjjlm111vgdeoceg.woff2]
[profpicksandscience.site/wp-content/uploads/elementor/google-fonts/fonts/poppins-pxidyp8kv8jhgfvrjjlm111vf9eo.woff2]
[profpicksandscience.site/wp-content/uploads/elementor/google-fonts/fonts/poppins-pxidyp8kv8jhgfvrjjlm81xvfteoceg.woff2]
[profpicksandscience.site/wp-content/uploads/elementor/google-fonts/fonts/poppins-pxibyp8kv8jhgfvrlfj_z11lfc-k.woff2]
[profpicksandscience.site/wp-content/uploads/elementor/google-fonts/fonts/poppins-pxibyp8kv8jhgfvrldz8z1jlfc-k.woff2]
[profpicksandscience.site/wp-content/uploads/elementor/google-fonts/fonts/poppins-pxieyp8kv8jhgfvrjjbecmne.woff2]
[profpicksandscience.site/wp-content/uploads/elementor/google-fonts/fonts/poppins-pxibyp8kv8jhgfvrlgt9z1xlfq.woff2]
[profpicksandscience.site/wp-content/uploads/elementor/google-fonts/fonts/poppins-pxibyp8kv8jhgfvrlej6z1xlfq.woff2]
[profpicksandscience.site/wp-content/uploads/elementor/google-fonts/fonts/poppins-pxibyp8kv8jhgfvrlcz7z1jlfc-k.woff2]
[profpicksandscience.site/wp-content/uploads/elementor/google-fonts/fonts/poppins-pxibyp8kv8jhgfvrlbt5z11lfc-k.woff2]
[profpicksandscience.site/wp-content/uploads/elementor/google-fonts/fonts/poppins-pxibyp8kv8jhgfvrlbt5z1jlfc-k.woff2]
[profpicksandscience.site/wp-content/uploads/elementor/google-fonts/css/poppins95c1.css]
[profpicksandscience.site/wp-content/uploads/elementor/google-fonts/fonts/redhatdisplay-8vis7wur0m80wwyf0qcxzzyzuotg-a6jty8.woff2]
[profpicksandscience.site/wp-content/uploads/elementor/google-fonts/fonts/redhatdisplay-8viq7wur0m80wwyf0qcxzzyzuotg_t6h.woff2]
[profpicksandscience.site/wp-content/uploads/elementor/google-fonts/css/redhatdisplay14a2.css]
[profpicksandscience.site/wp-content/uploads/elementor/google-fonts/fonts/roboto-kfo5cnqeu92fr1mu53zec9_vu3r1gihoszmkankawzu.woff2]
[profpicksandscience.site/wp-content/uploads/elementor/google-fonts/fonts/roboto-kfo5cnqeu92fr1mu53zec9_vu3r1gihoszmkbxkawzu.woff2]
[profpicksandscience.site/wp-content/uploads/elementor/google-fonts/fonts/roboto-kfo5cnqeu92fr1mu53zec9_vu3r1gihoszmkenkawzu.woff2]
[profpicksandscience.site/wp-content/uploads/elementor/google-fonts/fonts/roboto-kfo5cnqeu92fr1mu53zec9_vu3r1gihoszmkahkawzu.woff2]
[profpicksandscience.site/wp-content/uploads/elementor/google-fonts/fonts/roboto-kfo5cnqeu92fr1mu53zec9_vu3r1gihoszmkcxkawzu.woff2]
[profpicksandscience.site/wp-content/uploads/elementor/google-fonts/fonts/roboto-kfo5cnqeu92fr1mu53zec9_vu3r1gihoszmkbnka.woff2]
[profpicksandscience.site/wp-content/uploads/elementor/google-fonts/fonts/roboto-kfo7cnqeu92fr1me7ksn66agldtyluama3gubgee.woff2]
[profpicksandscience.site/wp-content/uploads/elementor/google-fonts/fonts/roboto-kfo7cnqeu92fr1me7ksn66agldtyluamawcubgee.woff2]
[profpicksandscience.site/wp-content/uploads/elementor/google-fonts/fonts/roboto-kfo7cnqeu92fr1me7ksn66agldtyluama3oubgee.woff2]
[profpicksandscience.site/wp-content/uploads/elementor/google-fonts/fonts/roboto-kfo7cnqeu92fr1me7ksn66agldtyluama3kubgee.woff2]
[profpicksandscience.site/wp-content/uploads/elementor/google-fonts/css/roboto912e.css]
[profpicksandscience.site/wp-content/uploads/elementor/google-fonts/fonts/robotoslab-bngmuxzytxpivibgjjsb6ufa5qw54a.woff2]
[profpicksandscience.site/wp-content/uploads/elementor/google-fonts/fonts/robotoslab-bngmuxzytxpivibgjjsb6ufb5qw54a.woff2]
[profpicksandscience.site/wp-content/uploads/elementor/google-fonts/fonts/robotoslab-bngmuxzytxpivibgjjsb6ufc5qw54a.woff2]
[profpicksandscience.site/wp-content/uploads/elementor/google-fonts/fonts/robotoslab-bngmuxzytxpivibgjjsb6ufd5qw54a.woff2]
[profpicksandscience.site/wp-content/uploads/elementor/google-fonts/css/robotoslab8982.css]
[profpicksandscience.site/wp-includes/js/jquery/jquery.minf43b.js]
[profpicksandscience.site/wp-includes/js/jquery/jquery-migrate.min5589.js]
[profpicksandscience.site/register/index.html]
[profpicksandscience.site/book-a-demo/index.html]
[profpicksandscience.site/wp-content/plugins/elementor/assets/js/webpack.runtime.min2801.js]
[profpicksandscience.site/wp-content/plugins/elementor/assets/js/frontend-modules.min2801.js]
[profpicksandscience.site/wp-includes/js/jquery/ui/core.min3f14.js]
[profpicksandscience.site/wp-content/plugins/elementor/assets/js/frontend.min2801.js]
[profpicksandscience.site/wp-content/plugins/royal-elementor-addons/assets/js/lib/particles/particles7c45.js]
[profpicksandscience.site/wp-content/plugins/royal-elementor-addons/assets/js/lib/jarallax/jarallax.minf184.js]
[profpicksandscience.site/wp-content/plugins/royal-elementor-addons/assets/js/lib/parallax/parallax.min5152.js]
[profpicksandscience.site/wp-content/plugins/elementor/assets/lib/swiper/v8/swiper.min94a4.js]
[profpicksandscience.site/wp-content/plugins/elementor/assets/lib/jquery-numerator/jquery-numerator.min3958.js]
[profpicksandscience.site/wp-includes/js/imagesloaded.minbb93.js]
[profpicksandscience.site/wp-content/plugins/royal-elementor-addons/assets/js/lib/slick/slick.minc245.js]
[profpicksandscience.site/wp-content/plugins/royal-elementor-addons/assets/js/lib/perfect-scrollbar/perfect-scrollbar.min70b1.js]
[profpicksandscience.site/wp-content/plugins/elementor-pro/assets/js/webpack-pro.runtime.min08e6.js]
[profpicksandscience.site/wp-includes/js/dist/vendor/wp-polyfill-inert.min0226.js]
[profpicksandscience.site/wp-includes/js/dist/vendor/regenerator-runtime.min6c85.js]
[profpicksandscience.site/wp-includes/js/dist/vendor/wp-polyfill.min2c7c.js]
[profpicksandscience.site/wp-includes/js/dist/hooks.min2757.js]
[profpicksandscience.site/wp-includes/js/dist/i18n.minc33c.js]
[profpicksandscience.site/wp-content/plugins/elementor-pro/assets/js/frontend.min08e6.js]
[profpicksandscience.site/wp-content/plugins/elementor-pro/assets/js/elements-handlers.min08e6.js]
[connect.facebook.net/en_US/sdk.js]
[www.google.com/recaptcha/api3398.js]
[profpicksandscience.site/wp-content/plugins/royal-elementor-addons/assets/js/frontend.minc96f.js]
[profpicksandscience.site/wp-content/plugins/royal-elementor-addons/assets/js/modal-popups.minc96f.js]
[profpicksandscience.site/wp-content/plugins/royal-elementor-addons/assets/css/lib/lightgallery/fonts/lgd641.html]
[profpicksandscience.site/wp-content/plugins/royal-elementor-addons/assets/css/lib/lightgallery/fonts/lgd641-2.html]
[profpicksandscience.site/wp-content/plugins/royal-elementor-addons/assets/css/lib/lightgallery/fonts/lgd641.svg]
[profpicksandscience.site/wp-content/plugins/royal-elementor-addons/assets/css/lib/lightgallery/img/vimeo-play.html]
[profpicksandscience.site/wp-content/plugins/royal-elementor-addons/assets/css/lib/lightgallery/img/video-play.html]
[profpicksandscience.site/wp-content/plugins/royal-elementor-addons/assets/css/lib/lightgallery/img/youtube-play.html]
[profpicksandscience.site/wp-content/plugins/royal-elementor-addons/assets/css/lib/lightgallery/img/loading.html]
[profpicksandscience.site/wp-content/plugins/elementor/assets/lib/font-awesome/webfonts/fa-brands-400d41d.html]
[profpicksandscience.site/wp-content/plugins/elementor/assets/lib/font-awesome/webfonts/fa-brands-400.html]
[profpicksandscience.site/wp-content/plugins/elementor/assets/lib/font-awesome/webfonts/fa-brands-401.html]
[profpicksandscience.site/wp-content/plugins/elementor/assets/lib/font-awesome/webfonts/fa-brands-402.html]
[profpicksandscience.site/wp-content/plugins/elementor/assets/lib/font-awesome/webfonts/fa-regular-400.html]
[profpicksandscience.site/wp-content/plugins/elementor/assets/lib/font-awesome/webfonts/fa-regular-400d41d.html]
[profpicksandscience.site/wp-content/plugins/elementor/assets/lib/font-awesome/webfonts/fa-regular-401.html]
[profpicksandscience.site/wp-content/plugins/elementor/assets/lib/font-awesome/webfonts/fa-regular-402.html]
[profpicksandscience.site/wp-content/plugins/elementor/assets/lib/font-awesome/webfonts/fa-regular-400.svg]
[profpicksandscience.site/wp-content/plugins/elementor/assets/lib/font-awesome/webfonts/fa-solid-900.html]
[profpicksandscience.site/wp-content/plugins/elementor/assets/lib/font-awesome/webfonts/fa-solid-900d41d.html]
[profpicksandscience.site/wp-content/plugins/elementor/assets/lib/font-awesome/webfonts/fa-solid-901.html]
[profpicksandscience.site/wp-content/plugins/elementor/assets/lib/font-awesome/webfonts/fa-solid-902.html]
[profpicksandscience.site/wp-content/uploads/elementor/google-fonts/fonts/manrope-xn7gyhe41ni1adirggoxsuxd.html]
[profpicksandscience.site/wp-content/uploads/elementor/google-fonts/fonts/manrope-xn7gyhe41ni1adirggsxsuxd.html]
[profpicksandscience.site/wp-content/uploads/elementor/google-fonts/fonts/manrope-xn7gyhe41ni1adirggmxsuxd.html]
[profpicksandscience.site/wp-content/uploads/elementor/google-fonts/fonts/poppins-pxiayp8kv8jhgfvrjjlme0tdmpkzsq.html]
[profpicksandscience.site/wp-content/uploads/elementor/google-fonts/fonts/poppins-pxiayp8kv8jhgfvrjjlme0tmmpkzsq.html]
[profpicksandscience.site/wp-content/uploads/elementor/google-fonts/fonts/poppins-pxiayp8kv8jhgfvrjjlme0tcmpi.html]
[profpicksandscience.site/wp-content/uploads/elementor/google-fonts/fonts/poppins-pxidyp8kv8jhgfvrjjlm21lvf9eo.html]
[profpicksandscience.site/wp-content/uploads/elementor/google-fonts/fonts/poppins-pxigyp8kv8jhgfvrjjlucxtakpy.html]
[profpicksandscience.site/wp-content/uploads/elementor/google-fonts/fonts/poppins-pxigyp8kv8jhgfvrjjlufntakpy.html]
[profpicksandscience.site/wp-content/uploads/elementor/google-fonts/fonts/poppins-pxigyp8kv8jhgfvrjjluchta.html]
[profpicksandscience.site/wp-content/uploads/elementor/google-fonts/fonts/poppins-pxidyp8kv8jhgfvrjjlmg1hvfteoceg.html]
[profpicksandscience.site/wp-content/uploads/elementor/google-fonts/fonts/poppins-pxidyp8kv8jhgfvrjjlmg1hvgdeoceg.html]
[profpicksandscience.site/wp-content/uploads/elementor/google-fonts/fonts/poppins-pxidyp8kv8jhgfvrjjlmg1hvf9eo.html]
[profpicksandscience.site/wp-content/uploads/elementor/google-fonts/fonts/poppins-pxidyp8kv8jhgfvrjjlmr19vfteoceg.html]
[profpicksandscience.site/wp-content/uploads/elementor/google-fonts/fonts/poppins-pxidyp8kv8jhgfvrjjlmr19vgdeoceg.html]
[profpicksandscience.site/wp-content/uploads/elementor/google-fonts/fonts/poppins-pxidyp8kv8jhgfvrjjlmy15vgdeoceg.html]
[profpicksandscience.site/wp-content/uploads/elementor/google-fonts/fonts/poppins-pxidyp8kv8jhgfvrjjlmy15vf9eo.html]
[profpicksandscience.site/wp-content/uploads/elementor/google-fonts/fonts/poppins-pxidyp8kv8jhgfvrjjlm81xvgdeoceg.html]
[profpicksandscience.site/wp-content/uploads/elementor/google-fonts/fonts/poppins-pxidyp8kv8jhgfvrjjlm81xvf9eo.html]
[profpicksandscience.site/wp-content/uploads/elementor/google-fonts/fonts/poppins-pxigyp8kv8jhgfvrlptucxtakpy.html]
[profpicksandscience.site/wp-content/uploads/elementor/google-fonts/fonts/poppins-pxigyp8kv8jhgfvrlptufntakpy.html]
[profpicksandscience.site/wp-content/uploads/elementor/google-fonts/fonts/poppins-pxigyp8kv8jhgfvrlptuchta.html]
[profpicksandscience.site/wp-content/uploads/elementor/google-fonts/fonts/poppins-pxibyp8kv8jhgfvrlfj_z1jlfc-k.html]
[profpicksandscience.site/wp-content/uploads/elementor/google-fonts/fonts/poppins-pxibyp8kv8jhgfvrlfj_z1xlfq.html]
[profpicksandscience.site/wp-content/uploads/elementor/google-fonts/fonts/poppins-pxibyp8kv8jhgfvrldz8z11lfc-k.html]
[profpicksandscience.site/wp-content/uploads/elementor/google-fonts/fonts/poppins-pxibyp8kv8jhgfvrldz8z1xlfq.html]
[profpicksandscience.site/wp-content/uploads/elementor/google-fonts/fonts/poppins-pxieyp8kv8jhgfvrjjnecmne.html]
[profpicksandscience.site/wp-content/uploads/elementor/google-fonts/fonts/poppins-pxieyp8kv8jhgfvrjjfecg.html]
[profpicksandscience.site/wp-content/uploads/elementor/google-fonts/fonts/poppins-pxibyp8kv8jhgfvrlgt9z11lfc-k.html]
[profpicksandscience.site/wp-content/uploads/elementor/google-fonts/fonts/poppins-pxibyp8kv8jhgfvrlgt9z1jlfc-k.html]
[profpicksandscience.site/wp-content/uploads/elementor/google-fonts/fonts/poppins-pxibyp8kv8jhgfvrlej6z11lfc-k.html]
[profpicksandscience.site/wp-content/uploads/elementor/google-fonts/fonts/poppins-pxibyp8kv8jhgfvrlej6z1jlfc-k.html]
[profpicksandscience.site/wp-content/uploads/elementor/google-fonts/fonts/poppins-pxibyp8kv8jhgfvrlcz7z11lfc-k.html]
[profpicksandscience.site/wp-content/uploads/elementor/google-fonts/fonts/poppins-pxibyp8kv8jhgfvrlcz7z1xlfq.html]
[profpicksandscience.site/wp-content/uploads/elementor/google-fonts/fonts/poppins-pxibyp8kv8jhgfvrldd4z11lfc-k.html]
[profpicksandscience.site/wp-content/uploads/elementor/google-fonts/fonts/poppins-pxibyp8kv8jhgfvrldd4z1jlfc-k.html]
[profpicksandscience.site/wp-content/uploads/elementor/google-fonts/fonts/poppins-pxibyp8kv8jhgfvrldd4z1xlfq.html]
[profpicksandscience.site/wp-content/uploads/elementor/google-fonts/fonts/poppins-pxibyp8kv8jhgfvrlbt5z1xlfq.html]
[profpicksandscience.site/wp-content/uploads/elementor/google-fonts/fonts/redhatdisplay-8vis7wur0m80wwyf0qcxzzyzuotg-a6tty_9cq.html]
[profpicksandscience.site/wp-content/uploads/elementor/google-fonts/fonts/redhatdisplay-8viq7wur0m80wwyf0qcxzzyzuotg8z6hvys.html]
[profpicksandscience.site/wp-content/uploads/elementor/google-fonts/fonts/roboto-kfo5cnqeu92fr1mu53zec9_vu3r1gihoszmkc3kawzu.html]
[profpicksandscience.site/wp-content/uploads/elementor/google-fonts/fonts/roboto-kfo5cnqeu92fr1mu53zec9_vu3r1gihoszmkcnkawzu.html]
[profpicksandscience.site/wp-content/uploads/elementor/google-fonts/fonts/roboto-kfo5cnqeu92fr1mu53zec9_vu3r1gihoszmkchkawzu.html]
[profpicksandscience.site/wp-content/uploads/elementor/google-fonts/fonts/roboto-kfo7cnqeu92fr1me7ksn66agldtyluama3iubgee.html]
[profpicksandscience.site/wp-content/uploads/elementor/google-fonts/fonts/roboto-kfo7cnqeu92fr1me7ksn66agldtyluama3cubgee.html]
[profpicksandscience.site/wp-content/uploads/elementor/google-fonts/fonts/roboto-kfo7cnqeu92fr1me7ksn66agldtyluama3-ubgee.html]
[profpicksandscience.site/wp-content/uploads/elementor/google-fonts/fonts/roboto-kfo7cnqeu92fr1me7ksn66agldtyluamaxkubgee.html]
[profpicksandscience.site/wp-content/uploads/elementor/google-fonts/fonts/roboto-kfo7cnqeu92fr1me7ksn66agldtyluama3yuba.html]
[profpicksandscience.site/wp-content/uploads/elementor/google-fonts/fonts/robotoslab-bngmuxzytxpivibgjjsb6ufj5qw54a.html]
[profpicksandscience.site/wp-content/uploads/elementor/google-fonts/fonts/robotoslab-bngmuxzytxpivibgjjsb6ufo5qw54a.html]
[profpicksandscience.site/wp-content/uploads/elementor/google-fonts/fonts/robotoslab-bngmuxzytxpivibgjjsb6ufn5qu.html]
[profpicksandscience.site/wp-content/uploads/elementor/css/post-7986501.html]
[profpicksandscience.site/wp-json/wp/v2/pages/798.html]
[profpicksandscience.site/index8ae4.html]
[profpicksandscience.site/wp-json/oembed/1.0/embed1175.html]
[profpicksandscience.site/wp-json/oembed/1.0/embedaa0a.html]
[profpicksandscience.site/wp-content/uploads/2025/03/IMG_3993-1-300x74.html]
[profpicksandscience.site/wp-content/uploads/forminator/792_278b7f8c14318da67925aac5dc1b3d56/css/style-7927f8c.html]
[profpicksandscience.site/wp-content/plugins/forminator/assets/forminator-ui/css/forminator-icons.min1028.html]
[profpicksandscience.site/wp-content/plugins/forminator/assets/forminator-ui/css/src/forminator-utilities.min1028.html]
[profpicksandscience.site/wp-content/plugins/forminator/assets/forminator-ui/css/src/grid/forminator-grid.open.min1028.html]
[profpicksandscience.site/wp-content/plugins/forminator/assets/forminator-ui/css/src/form/forminator-form-material.base.min1028.html]
[profpicksandscience.site/wp-content/plugins/forminator/assets/forminator-ui/css/src/form/forminator-form-material.select2.min1028.html]
[profpicksandscience.site/wp-content/plugins/forminator/assets/forminator-ui/css/src/form/forminator-form-material.full.min1028.html]
[profpicksandscience.site/wp-content/plugins/forminator/assets/forminator-ui/css/src/form/forminator-authentication.min1028.html]
[profpicksandscience.site/wp-includes/css/buttons.minb134.html]
[profpicksandscience.site/wp-content/plugins/forminator/assets/forminator-ui/js/select2.full.min1028.html]
[profpicksandscience.site/wp-content/plugins/forminator/assets/js/library/jquery.validate.min1028.html]
[profpicksandscience.site/wp-content/plugins/forminator/assets/forminator-ui/js/forminator-form.min1028.html]
[profpicksandscience.site/wp-content/plugins/forminator/build/front/front.multi.min1028.html]
[profpicksandscience.site/wp-content/uploads/elementor/css/post-305e19e.html]
[profpicksandscience.site/wp-json/wp/v2/pages/305.html]
[profpicksandscience.site/index4720.html]
[profpicksandscience.site/wp-json/oembed/1.0/embedbff7.html]
[profpicksandscience.site/wp-json/oembed/1.0/embeda7c8.html]
[profpicksandscience.site/OPR/index.html]
[profpicksandscience.site/GET.html]
[profpicksandscience.site/Error pJS - No image.html]
[profpicksandscience.site/Trident/index.html]
[profpicksandscience.site/Edge/index.html]
[profpicksandscience.site/${l}.html]
[profpicksandscience.site/e.html]
[profpicksandscience.site/t.params.html]
[profpicksandscience.site/window.location.html]
[profpicksandscience.site/a.html]
[profpicksandscience.site/r.html]
[profpicksandscience.site/a-2.html]
[connect.facebook.net/en_US/sdk.js]
